c:\users\alejandro\documents\github\practica1_tpv\src\x64\debug\frog.obj
c:\users\alejandro\documents\github\practica1_tpv\src\x64\debug\game.obj
c:\users\alejandro\documents\github\practica1_tpv\src\x64\debug\infobar.obj
c:\users\alejandro\documents\github\practica1_tpv\src\x64\debug\turtles.obj
c:\users\alejandro\documents\github\practica1_tpv\src\x64\debug\wasp.obj
c:\users\alejandro\documents\github\practica1_tpv\src\x64\debug\homedfrog.obj
c:\users\alejandro\documents\github\practica1_tpv\src\x64\debug\gameobject.obj
c:\users\alejandro\documents\github\practica1_tpv\src\x64\debug\gameerror.obj
c:\users\alejandro\documents\github\practica1_tpv\src\x64\debug\log.obj
c:\users\alejandro\documents\github\practica1_tpv\src\x64\debug\crosser.obj
c:\users\alejandro\documents\github\practica1_tpv\src\x64\debug\vehiculo.obj
c:\users\alejandro\documents\github\practica1_tpv\src\x64\debug\sceneobject.obj
c:\users\alejandro\documents\github\practica1_tpv\src\x64\debug\texture.obj
c:\users\alejandro\documents\github\practica1_tpv\src\x64\debug\platform.obj
c:\users\alejandro\documents\github\practica1_tpv\src\x64\debug\collision.obj
c:\users\alejandro\documents\github\practica1_tpv\src\x64\debug\main.obj
c:\users\alejandro\documents\github\practica1_tpv\src\x64\debug\vc143.pdb
c:\users\alejandro\documents\github\practica1_tpv\src\x64\debug\vc143.idb
c:\users\alejandro\documents\github\practica1_tpv\bin\srcdebug.exe
c:\users\alejandro\documents\github\practica1_tpv\bin\srcdebug.pdb
c:\users\alejandro\documents\github\practica1_tpv\src\x64\debug\src.res
c:\users\alejandro\documents\github\practica1_tpv\src\x64\debug\srcdebug.ilk
c:\users\alejandro\documents\github\practica1_tpv\src\x64\debug\src.tlog\cl.command.1.tlog
c:\users\alejandro\documents\github\practica1_tpv\src\x64\debug\src.tlog\cl.items.tlog
c:\users\alejandro\documents\github\practica1_tpv\src\x64\debug\src.tlog\cl.read.1.tlog
c:\users\alejandro\documents\github\practica1_tpv\src\x64\debug\src.tlog\cl.write.1.tlog
c:\users\alejandro\documents\github\practica1_tpv\src\x64\debug\src.tlog\link.command.1.tlog
c:\users\alejandro\documents\github\practica1_tpv\src\x64\debug\src.tlog\link.read.1.tlog
c:\users\alejandro\documents\github\practica1_tpv\src\x64\debug\src.tlog\link.secondary.1.tlog
c:\users\alejandro\documents\github\practica1_tpv\src\x64\debug\src.tlog\link.write.1.tlog
c:\users\alejandro\documents\github\practica1_tpv\src\x64\debug\src.tlog\rc.command.1.tlog
c:\users\alejandro\documents\github\practica1_tpv\src\x64\debug\src.tlog\rc.read.1.tlog
c:\users\alejandro\documents\github\practica1_tpv\src\x64\debug\src.tlog\rc.write.1.tlog
